// Jest Snapshot v1, https://goo.gl/fbAQLP

exports[`Error tests renders correctly 1`] = `
<div>
  <div>
    <nav>
      <ul>
        <li>
          The Sports Blog
        </li>
        <li>
          <a
            class="link"
            href="/"
          >
            HOME
          </a>
        </li>
        <li>
          <a
            class="link"
            href="/nba"
          >
            NBA
          </a>
        </li>
        <li>
          <a
            class="link"
            href="/nfl"
          >
            NFL
          </a>
        </li>
        <li>
          <a
            class="link"
            href="/nhl"
          >
            NHL
          </a>
        </li>
        <li>
          <a
            class="link"
            href="/mbl"
          >
            MBL
          </a>
        </li>
        <li>
          <a
            class="link"
            href="/soccer"
          >
            SOCCER
          </a>
        </li>
      </ul>
    </nav>
    <div
      class="container"
    >
      <h1>
        That page doesn't exist!
      </h1>
      <p>
        Sorry, the page you were looking for could not be found. Return to Home Page
        <a
          class="link"
          href="/"
        >
          here
        </a>
      </p>
    </div>
    <footer>
      <ul>
        <li>
          <a
            class="link"
            href="/about"
          >
            About
          </a>
        </li>
        <li>
          <a
            class="link"
            href="/subscribe"
          >
            Subscribe
          </a>
        </li>
        <li>
          <a
            class="link"
            href="/privacy"
          >
            Privacy
          </a>
        </li>
      </ul>
    </footer>
  </div>
</div>
`;
