// Jest Snapshot v1, https://goo.gl/fbAQLP

exports[`Footer tests renders correctly 1`] = `
<div>
  <footer>
    <ul>
      <li>
        <a
          class="link"
          href="/about"
        >
          About
        </a>
      </li>
      <li>
        <a
          class="link"
          href="/subscribe"
        >
          Subscribe
        </a>
      </li>
      <li>
        <a
          class="link"
          href="/privacy"
        >
          Privacy
        </a>
      </li>
    </ul>
  </footer>
</div>
`;
