// Jest Snapshot v1, https://goo.gl/fbAQLP

exports[`Subscribe tests renders correctly 1`] = `
<div>
  <div>
    <nav>
      <ul>
        <li>
          The Sports Blog
        </li>
        <li>
          <a
            class="link"
            href="/"
          >
            HOME
          </a>
        </li>
        <li>
          <a
            class="link"
            href="/nba"
          >
            NBA
          </a>
        </li>
        <li>
          <a
            class="link"
            href="/nfl"
          >
            NFL
          </a>
        </li>
        <li>
          <a
            class="link"
            href="/nhl"
          >
            NHL
          </a>
        </li>
        <li>
          <a
            class="link"
            href="/mbl"
          >
            MBL
          </a>
        </li>
        <li>
          <a
            class="link"
            href="/soccer"
          >
            SOCCER
          </a>
        </li>
      </ul>
    </nav>
    <div
      class="flexcontainer"
    >
      <div
        class="numberandemail"
      >
        <h1>
          Subscribe To Our NewsLetter
        </h1>
        <p>
          <strong>
            Call: 
          </strong>
          +1 333 333 333
        </p>
        <p>
          <strong>
            Email: 
          </strong>
          sportsblog@something.com
        </p>
      </div>
      <div>
        <form>
          <input
            class="textInput"
            name="firstName"
            placeholder="First Name"
            required=""
            type="text"
            value=""
          />
          <input
            class="textInput"
            name="middleName"
            placeholder="Middle Name"
            type="text"
            value=""
          />
          <input
            class="textInput"
            name="lastName"
            placeholder="Last Name"
            required=""
            type="text"
            value=""
          />
          <input
            class="textInput"
            name="email"
            pattern="/^[a-zA-Z0-9.!#$%&'*+/=?^_\`{|}~-]+@[a-zA-Z0-9-]+(?:\\\\.[a-zA-Z0-9-]+)*$/"
            placeholder="E-mail"
            required=""
            type="email"
            value=""
          />
          <input
            class="textInput"
            id="phone"
            name="phone"
            placeholder="Telephone Number"
            type="tel"
            value=""
          />
          <div>
            <label
              class="genderlabel"
            >
              Gender
            </label>
            <div
              class="radiocontainer"
            >
              <label
                for="Male"
              >
                <input
                  class="radio"
                  name="gender"
                  type="radio"
                  value="Male"
                />
                Male
              </label>
              <label
                for="Female"
              >
                <input
                  class="radio"
                  name="gender"
                  type="radio"
                  value="Female"
                />
                Female
              </label>
              <label
                for="Other"
              >
                <input
                  class="radio"
                  name="gender"
                  type="radio"
                  value="Other"
                />
                Other
              </label>
            </div>
          </div>
          <select
            class="select"
            name="country"
          >
            <option>
              Country:
            </option>
            <option
              name="country"
              value="Australia"
            >
              Australia
            </option>
            <option
              name="country"
              value="Canada"
            >
              Canada
            </option>
            <option
              name="country"
              value="USA"
            >
              USA
            </option>
          </select>
          <select
            class="select"
            name="favSport"
          >
            <option
              name="favSport"
              value="0"
            >
              Favorite Sport:
            </option>
            <option
              name="favSport"
              value="BasketBall"
            >
              BasketBall
            </option>
            <option
              name="favSport"
              value="Football"
            >
              Football
            </option>
            <option
              name="favSport"
              value="Hockey"
            >
              Hockey
            </option>
            <option
              name="favSport"
              value="Baseball"
            >
              Baseball
            </option>
            <option
              name="favSport"
              value="Soccer"
            >
              Soccer
            </option>
          </select>
          <div
            class="buttondiv"
          >
            <button>
              SUBMIT
            </button>
          </div>
        </form>
      </div>
    </div>
    <footer>
      <ul>
        <li>
          <a
            class="link"
            href="/about"
          >
            About
          </a>
        </li>
        <li>
          <a
            class="link"
            href="/subscribe"
          >
            Subscribe
          </a>
        </li>
        <li>
          <a
            class="link"
            href="/privacy"
          >
            Privacy
          </a>
        </li>
      </ul>
    </footer>
  </div>
</div>
`;
