// Jest Snapshot v1, https://goo.gl/fbAQLP

exports[`About tests renders correctly 1`] = `
<div>
  <div>
    <nav>
      <ul>
        <li>
          The Sports Blog
        </li>
        <li>
          <a
            class="link"
            href="/"
          >
            HOME
          </a>
        </li>
        <li>
          <a
            class="link"
            href="/nba"
          >
            NBA
          </a>
        </li>
        <li>
          <a
            class="link"
            href="/nfl"
          >
            NFL
          </a>
        </li>
        <li>
          <a
            class="link"
            href="/nhl"
          >
            NHL
          </a>
        </li>
        <li>
          <a
            class="link"
            href="/mbl"
          >
            MBL
          </a>
        </li>
        <li>
          <a
            class="link"
            href="/soccer"
          >
            SOCCER
          </a>
        </li>
      </ul>
    </nav>
    <div
      class="container"
    >
      <h1>
        About Us
      </h1>
    </div>
    <div>
      <div>
        <p
          class="paragraph"
        >
          Chattanooga has been called the "Dynamo of Dixie" and has a rich history of entrepreneurship and philanthropy. Chattanooga is on a roll with the recent string of billion dollar investments in the area by multi-national companies such as Alstom, Volkswagen, Wacker and Amazon. Coupled with the rich technological environment including the computational Simulation Center at UTC and the EPB powered citywide gigabit fiber network, Chattanooga is poised for growth. The only missing piece was a formalized network of capital and mentors to encourage, support and sustain the next wave of entrepreneurs. The Chattanooga Renaissance Fund seeks to fill that need. Each member of CRF brings a level of expertise and experience invaluable to the longevity and growth of the fund.
        </p>
        <ul
          class="container"
        >
          <div
            class="container"
          >
            <img
              alt="ronaldopic"
              src="ronaldo.jpg"
            />
            <div
              class="abouttext"
            >
              <h4>
                Terence Nwachi
              </h4>
              <p
                class="paragraph"
              >
                Software Engineer
              </p>
            </div>
          </div>
          <div
            class="container"
          >
            <img
              alt="ronaldopic"
              src="ronaldo.jpg"
            />
            <div
              class="abouttext"
            >
              <h4>
                Tony Stark
              </h4>
              <p
                class="paragraph"
              >
                Iron Man
              </p>
            </div>
          </div>
          <div
            class="container"
          >
            <img
              alt="ronaldopic"
              src="ronaldo.jpg"
            />
            <div
              class="abouttext"
            >
              <h4>
                Steve Rodgers
              </h4>
              <p
                class="paragraph"
              >
                Captain America
              </p>
            </div>
          </div>
          <div
            class="container"
          >
            <img
              alt="ronaldopic"
              src="ronaldo.jpg"
            />
            <div
              class="abouttext"
            >
              <h4>
                Bruce Banner
              </h4>
              <p
                class="paragraph"
              >
                The Hulk
              </p>
            </div>
          </div>
          <div
            class="container"
          >
            <img
              alt="ronaldopic"
              src="ronaldo.jpg"
            />
            <div
              class="abouttext"
            >
              <h4>
                Peter Parker
              </h4>
              <p
                class="paragraph"
              >
                Spiderman
              </p>
            </div>
          </div>
          <div
            class="container"
          >
            <img
              alt="ronaldopic"
              src="ronaldo.jpg"
            />
            <div
              class="abouttext"
            >
              <h4>
                Danny Rand
              </h4>
              <p
                class="paragraph"
              >
                Iron Fist
              </p>
            </div>
          </div>
        </ul>
      </div>
    </div>
    <footer>
      <ul>
        <li>
          <a
            class="link"
            href="/about"
          >
            About
          </a>
        </li>
        <li>
          <a
            class="link"
            href="/subscribe"
          >
            Subscribe
          </a>
        </li>
        <li>
          <a
            class="link"
            href="/privacy"
          >
            Privacy
          </a>
        </li>
      </ul>
    </footer>
  </div>
</div>
`;
